[backblue.gif]
[fade.gif]
[index.html]
[redgranite.github.io/comments/feed/index.html]
[redgranite.github.io/feed/index.html]
[redgranite.github.io/wp-content/plugins/stackable-ultimate-gutenberg-blocks/dist/frontend_blocksc7d6.js]
[redgranite.github.io/wp-includes/js/jquery/jquery.min9d52.js]
[redgranite.github.io/wp-includes/js/jquery/jquery-migrate.mind617.js]
[redgranite.github.io/wp-content/plugins/download-manager/assets/bootstrap/js/bootstrap.bundle.min9f31.js]
[redgranite.github.io/wp-content/plugins/download-manager/assets/js/front22d5.js]
[redgranite.github.io/wp-content/plugins/download-manager/assets/js/chosen.jquery.min9f31.js]
[redgranite.github.io/wp-content/themes/twentytwenty/assets/js/index8a54.js]
[redgranite.github.io/wp-json/wp/v2/pages/12.json]
[redgranite.github.io/wp-json/index.html]
[redgranite.github.io/xmlrpc0db0.php]
[redgranite.github.io/wp-includes/wlwmanifest.xml]
[redgranite.github.io/wp-json/oembed/1.0/embed87f6.json]
[redgranite.github.io/wp-json/oembed/1.0/embed2edd]
[redgranite.github.io/wp-content/uploads/2021/06/cropped-logo-holdings-32x32.jpg]
[redgranite.github.io/wp-content/uploads/2021/06/cropped-logo-holdings-192x192.jpg]
[redgranite.github.io/wp-content/uploads/2021/06/cropped-logo-holdings-180x180.jpg]
[redgranite.github.io/wp-content/plugins/smart-slider-3/Public/SmartSlider3/Application/Frontend/Assets/dist/n2.min9076.js]
[redgranite.github.io/wp-content/plugins/smart-slider-3/Public/SmartSlider3/Application/Frontend/Assets/dist/smartslider-frontend.min9076.js]
[redgranite.github.io/wp-content/plugins/smart-slider-3/Public/SmartSlider3/Slider/SliderType/Simple/Assets/dist/smartslider-simple-type-frontend.min9076.js]
[redgranite.github.io/wp-content/plugins/smart-slider-3/Public/SmartSlider3/Slider/SliderType/Simple/Assets/dist/smartslider-backgroundanimation.min9076.js]
[redgranite.github.io/wp-content/plugins/smart-slider-3/Public/SmartSlider3/Application/Frontend/Assets/dist/nextend-webfontloader.min9076.js]
[redgranite.github.io/wp-content/uploads/2021/06/Red-Granite-Logo-1.png]
[redgranite.github.io/wp-content/uploads/2021/06/IMG_8972.jpg]
[redgranite.github.io/wp-content/uploads/2021/06/IMG-20191230-WA0202.jpg]
[redgranite.github.io/wp-content/uploads/2021/06/IMG_8972-1024x683.jpg]
[redgranite.github.io/wp-includes/js/jquery/jquery.form.min50fa.js]
[redgranite.github.io/wp-includes/js/wp-embed.min9f31.js]
[redgranite.github.io/index.html]
[redgranite.github.io/wp-includes/css/dist/block-library/style.min9f31.css]
[redgranite.github.io/wp-content/plugins/wpdm-gutenberg-blocks/build/style9f31.css]
[redgranite.github.io/wp-content/plugins/stackable-ultimate-gutenberg-blocks/dist/frontend_blocksc7d6.css]
[redgranite.github.io/wp-content/plugins/download-manager/assets/fontawesome/webfonts/fa-brands-400.eot]
[redgranite.github.io/wp-content/plugins/download-manager/assets/fontawesome/webfonts/fa-brands-400.woff2]
[redgranite.github.io/wp-content/plugins/download-manager/assets/fontawesome/webfonts/fa-brands-400d41d.eot]
[redgranite.github.io/wp-content/plugins/download-manager/assets/fontawesome/webfonts/fa-brands-400.woff]
[redgranite.github.io/wp-content/plugins/download-manager/assets/fontawesome/webfonts/fa-brands-400.ttf]
[redgranite.github.io/wp-content/plugins/download-manager/assets/fontawesome/webfonts/fa-regular-400.eot]
[redgranite.github.io/wp-content/plugins/download-manager/assets/fontawesome/webfonts/fa-regular-400.woff2]
[redgranite.github.io/wp-content/plugins/download-manager/assets/fontawesome/webfonts/fa-regular-400d41d.eot]
[redgranite.github.io/wp-content/plugins/download-manager/assets/fontawesome/webfonts/fa-regular-400.woff]
[redgranite.github.io/wp-content/plugins/download-manager/assets/fontawesome/webfonts/fa-regular-400.ttf]
[redgranite.github.io/wp-content/plugins/download-manager/assets/fontawesome/webfonts/fa-solid-900.eot]
[redgranite.github.io/wp-content/plugins/download-manager/assets/fontawesome/webfonts/fa-solid-900.woff2]
[redgranite.github.io/wp-content/plugins/download-manager/assets/fontawesome/webfonts/fa-solid-900d41d.eot]
[redgranite.github.io/wp-content/plugins/download-manager/assets/fontawesome/webfonts/fa-solid-900.woff]
[redgranite.github.io/wp-content/plugins/download-manager/assets/fontawesome/webfonts/fa-solid-900.ttf]
[redgranite.github.io/wp-content/plugins/download-manager/assets/fontawesome/css/all.min9f31.css]
[redgranite.github.io/wp-content/plugins/download-manager/assets/bootstrap/css/bootstrap.min9f31.css]
[redgranite.github.io/wp-content/plugins/download-manager/assets/css/front9f31.css]
[redgranite.github.io/wp-content/plugins/wp-job-manager/assets/dist/images/ajax-loader-ea183bf26ae76dec039869d4bc7060cb.gif]
[redgranite.github.io/wp-content/plugins/wp-job-manager/assets/dist/css/job-listings9c8b.css]
[redgranite.github.io/wp-content/themes/twentytwenty/assets/fonts/inter/Inter-upright-var.woff2]
[redgranite.github.io/wp-content/themes/twentytwenty/assets/fonts/inter/Inter-italic-var.woff2]
[redgranite.github.io/wp-content/themes/twentytwenty/style9f31.css]
[redgranite.github.io/wp-content/themes/twentytwenty-child/style8a54.css]
[redgranite.github.io/wp-content/themes/twentytwenty/print8a54.css]
[redgranite.github.io/wp-content/plugins/smart-slider-3/Public/SmartSlider3/Application/Frontend/Assets/dist/smartslider.min9076.css]
[redgranite.github.io/wp-json/wp/v2/pages/16.json]
[redgranite.github.io/wp-json/oembed/1.0/embed2865.json]
[redgranite.github.io/wp-json/oembed/1.0/embed4c02]
[redgranite.github.io/business-units/index.html]
[redgranite.github.io/wp-json/wp/v2/pages/52.json]
[redgranite.github.io/wp-json/oembed/1.0/embed2718.json]
[redgranite.github.io/wp-json/oembed/1.0/embedebe0]
[redgranite.github.io/wp-content/uploads/2021/06/IMG_8960.jpg]
[redgranite.github.io/wp-content/uploads/2021/06/IMG_8981.jpg]
[redgranite.github.io/wp-content/uploads/2021/06/IMG_8986.jpg]
[redgranite.github.io/wp-content/uploads/2021/06/IMG_9007.jpg]
[redgranite.github.io/business-units/gold-mining/index.html]
[redgranite.github.io/wp-json/wp/v2/pages/62.json]
[redgranite.github.io/wp-json/oembed/1.0/embedbba2.json]
[redgranite.github.io/wp-json/oembed/1.0/embed5891]
[redgranite.github.io/wp-content/uploads/2021/06/IMG-20191230-WA0161.jpg]
[redgranite.github.io/business-units/quarry/index.html]
[redgranite.github.io/wp-json/wp/v2/pages/20.json]
[redgranite.github.io/wp-json/oembed/1.0/embed3097.json]
[redgranite.github.io/wp-json/oembed/1.0/embedbaaf]
[redgranite.github.io/wp-content/plugins/wp-job-manager/assets/lib/jquery-deserialize/jquery.deserialize1576.js]
[redgranite.github.io/wp-content/plugins/wp-job-manager/assets/lib/select2/select2.full.min5bf3.js]
[redgranite.github.io/wp-content/plugins/wp-job-manager/assets/dist/js/ajax-filters33ff.js]
[redgranite.github.io/careers/index.html]
[redgranite.github.io/wp-json/wp/v2/pages/14.json]
[redgranite.github.io/wp-json/oembed/1.0/embeda9f7.json]
[redgranite.github.io/wp-json/oembed/1.0/embed0a7f]
[redgranite.github.io/about-us/index.html]
[redgranite.github.io/download/pote-holdings-profile/indexc5e1.html]
[redgranite.github.io/wp-json/wp/v2/pages/22.json]
[redgranite.github.io/wp-json/oembed/1.0/embed8b11.json]
[redgranite.github.io/wp-json/oembed/1.0/embed40cf]
[redgranite.github.io/contacts-us/index.html]
[redgranite.github.io/wp-content/plugins/download-manager/assets/fontawesome/webfonts/fa-brands-400.svg]
[redgranite.github.io/wp-content/plugins/download-manager/assets/fontawesome/webfonts/fa-regular-400.svg]
[redgranite.github.io/wp-content/plugins/download-manager/assets/fontawesome/webfonts/fa-solid-900.svg]
[redgranite.github.io/wp-content/plugins/download-manager/assets/images/sort.svg]
[redgranite.github.io/wp-content/plugins/download-manager/assets/images/loader.svg]
[redgranite.github.io/index0e62.html]
[redgranite.github.io/index4579.html]
[redgranite.github.io/index5c36.html]
[redgranite.github.io/wp-content/plugins/wp-job-manager/assets/lib/select2/select2.min5bf3.css]
[redgranite.github.io/wp-content/plugins/wp-job-manager/assets/dist/font/job-manager-a2d17fff9efb870b3e027dc5516b3ecc.eot]
[redgranite.github.io/wp-content/plugins/wp-job-manager/assets/dist/font/job-manager-434425afc81b621e0e02b871e4f5fca1.woff]
[redgranite.github.io/wp-content/plugins/wp-job-manager/assets/dist/font/job-manager-7799d387315fbcfa0060adf100cc549d.ttf]
[redgranite.github.io/wp-content/plugins/wp-job-manager/assets/dist/font/jm-logo/jm-18758dfe508305ba1682fe8fb3be8c72.eot]
[redgranite.github.io/wp-content/plugins/wp-job-manager/assets/dist/font/jm-logo/jm-67b7d10affac4ffd77eb7874ec25263b.woff]
[redgranite.github.io/wp-content/plugins/wp-job-manager/assets/dist/font/jm-logo/jm-97b72719abd94986185dcfeef1203fb9.ttf]
[redgranite.github.io/wp-content/plugins/wp-job-manager/assets/dist/font/jm-logo/jm-18758dfe508305ba1682fe8fb3be8c72d41d.eot]
[redgranite.github.io/wp-content/plugins/wp-job-manager/assets/dist/css/frontend5e69.css]
[redgranite.github.io/index341b.html]
[redgranite.github.io/index0b69.html]
[redgranite.github.io/wp-content/plugins/download-manager/assets/file-type-icons/pdf.svg]
[redgranite.github.io/wp-content/plugins/download-manager/assets/js/jquery.dataTables.min9f31.js]
[redgranite.github.io/wp-json/oembed/1.0/embed46bc.json]
[redgranite.github.io/wp-json/oembed/1.0/embedd8f0]
[redgranite.github.io/download/pote-holdings-profile/index.html]
[redgranite.github.io/download/pote-holdings-profile/index34da.html]
[redgranite.github.io/index0345.html]
[redgranite.github.io/wp-content/plugins/wp-job-manager/assets/dist/font/job-manager-aa916d5b5333755f80564e47a7f7a89f.svg]
[redgranite.github.io/wp-content/plugins/wp-job-manager/assets/dist/font/jm-logo/jm-04f818ce1471720fb214394b96feb5de.svg]
[redgranite.github.io/index9751.html]
[redgranite.github.io/author/admin/feed/index.html]
[redgranite.github.io/wp-json/wp/v2/users/1.json]
[redgranite.github.io/author/admin/index.html]
[redgranite.github.io/indexd6bc.html]
[redgranite.github.io/wp-json/wp/v2/categories/1.json]
[redgranite.github.io/category/uncategorized/index.html]
[redgranite.github.io/category/uncategorized/feed/index.html]
[redgranite.github.io/wp-json/wp/v2/posts/1.json]
[redgranite.github.io/2021/05/27/hello-world/feed/index.html]
[redgranite.github.io/wp-json/oembed/1.0/embed50d6.json]
[redgranite.github.io/wp-json/oembed/1.0/embedc429]
[redgranite.github.io/wp-includes/js/comment-reply.min9f31.js]
[redgranite.github.io/2021/05/27/hello-world/index.html]
[redgranite.github.io/indexcff1.html]
[redgranite.github.io/2021/05/27/hello-world/index6809.html]
